Release 13.4 - xst O.87xd (nt64)
Copyright (c) 1995-2011 Xilinx, Inc.  All rights reserved.
--> Parameter TMPDIR set to xst/projnav.tmp


Total REAL time to Xst completion: 0.00 secs
Total CPU time to Xst completion: 0.09 secs
 
--> Parameter xsthdpdir set to xst


Total REAL time to Xst completion: 0.00 secs
Total CPU time to Xst completion: 0.09 secs
 
--> Reading design: regFile16b2.prj

TABLE OF CONTENTS
  1) Synthesis Options Summary
  2) HDL Compilation
  3) Design Hierarchy Analysis
  4) HDL Analysis
  5) HDL Synthesis
     5.1) HDL Synthesis Report
  6) Advanced HDL Synthesis
     6.1) Advanced HDL Synthesis Report
  7) Low Level Synthesis
  8) Partition Report
  9) Final Report
	9.1) Device utilization summary
	9.2) Partition Resource Summary
	9.3) TIMING REPORT


=========================================================================
*                      Synthesis Options Summary                        *
=========================================================================
---- Source Parameters
Input File Name                    : "regFile16b2.prj"
Input Format                       : mixed
Ignore Synthesis Constraint File   : NO

---- Target Parameters
Output File Name                   : "regFile16b2"
Output Format                      : NGC
Target Device                      : xc3s500e-4-fg320

---- Source Options
Top Module Name                    : regFile16b2
Automatic FSM Extraction           : YES
FSM Encoding Algorithm             : Auto
Safe Implementation                : No
FSM Style                          : LUT
RAM Extraction                     : Yes
RAM Style                          : Auto
ROM Extraction                     : Yes
Mux Style                          : Auto
Decoder Extraction                 : YES
Priority Encoder Extraction        : Yes
Shift Register Extraction          : YES
Logical Shifter Extraction         : YES
XOR Collapsing                     : YES
ROM Style                          : Auto
Mux Extraction                     : Yes
Resource Sharing                   : YES
Asynchronous To Synchronous        : NO
Multiplier Style                   : Auto
Automatic Register Balancing       : No

---- Target Options
Add IO Buffers                     : YES
Global Maximum Fanout              : 100000
Add Generic Clock Buffer(BUFG)     : 24
Register Duplication               : YES
Slice Packing                      : YES
Optimize Instantiated Primitives   : NO
Use Clock Enable                   : Yes
Use Synchronous Set                : Yes
Use Synchronous Reset              : Yes
Pack IO Registers into IOBs        : Auto
Equivalent register Removal        : YES

---- General Options
Optimization Goal                  : Speed
Optimization Effort                : 1
Keep Hierarchy                     : No
Netlist Hierarchy                  : As_Optimized
RTL Output                         : Yes
Global Optimization                : AllClockNets
Read Cores                         : YES
Write Timing Constraints           : NO
Cross Clock Analysis               : NO
Hierarchy Separator                : /
Bus Delimiter                      : <>
Case Specifier                     : Maintain
Slice Utilization Ratio            : 100
BRAM Utilization Ratio             : 100
Verilog 2001                       : YES
Auto BRAM Packing                  : NO
Slice Utilization Ratio Delta      : 5

=========================================================================


=========================================================================
*                          HDL Compilation                              *
=========================================================================
Compiling verilog file "decode1b2.vf" in library work
Compiling verilog file "mux16b2.vf" in library work
Module <decode1b2> compiled
Module <M2_1E_MXILINX_mux16b2> compiled
Compiling verilog file "regFile16b2.vf" in library work
Module <mux16b2> compiled
Module <M2_1E_MXILINX_regFile16b2> compiled
Module <mux16b2_MUSER_regFile16b2> compiled
Module <FD16RE_MXILINX_regFile16b2> compiled
Module <regFile16b2> compiled
No errors in compilation
Analysis of file <"regFile16b2.prj"> succeeded.
 

=========================================================================
*                     Design Hierarchy Analysis                         *
=========================================================================
Analyzing hierarchy for module <regFile16b2> in library <work>.

Analyzing hierarchy for module <FD16RE_MXILINX_regFile16b2> in library <work>.

Analyzing hierarchy for module <FD16RE_MXILINX_regFile16b2> in library <work>.

Analyzing hierarchy for module <decode1b2> in library <work>.

Analyzing hierarchy for module <mux16b2_MUSER_regFile16b2> in library <work>.

Analyzing hierarchy for module <M2_1E_MXILINX_regFile16b2> in library <work>.

Analyzing hierarchy for module <M2_1E_MXILINX_regFile16b2> in library <work>.

Analyzing hierarchy for module <M2_1E_MXILINX_regFile16b2> in library <work>.

Analyzing hierarchy for module <M2_1E_MXILINX_regFile16b2> in library <work>.

Analyzing hierarchy for module <M2_1E_MXILINX_regFile16b2> in library <work>.

Analyzing hierarchy for module <M2_1E_MXILINX_regFile16b2> in library <work>.

Analyzing hierarchy for module <M2_1E_MXILINX_regFile16b2> in library <work>.

Analyzing hierarchy for module <M2_1E_MXILINX_regFile16b2> in library <work>.

Analyzing hierarchy for module <M2_1E_MXILINX_regFile16b2> in library <work>.

Analyzing hierarchy for module <M2_1E_MXILINX_regFile16b2> in library <work>.

Analyzing hierarchy for module <M2_1E_MXILINX_regFile16b2> in library <work>.

Analyzing hierarchy for module <M2_1E_MXILINX_regFile16b2> in library <work>.

Analyzing hierarchy for module <M2_1E_MXILINX_regFile16b2> in library <work>.

Analyzing hierarchy for module <M2_1E_MXILINX_regFile16b2> in library <work>.

Analyzing hierarchy for module <M2_1E_MXILINX_regFile16b2> in library <work>.

Analyzing hierarchy for module <M2_1E_MXILINX_regFile16b2> in library <work>.


=========================================================================
*                            HDL Analysis                               *
=========================================================================
Analyzing top module <regFile16b2>.
Module <regFile16b2> is correct for synthesis.
 
    Set user-defined property "HU_SET =  XLXI_3_32" for instance <XLXI_3> in unit <regFile16b2>.
    Set user-defined property "HU_SET =  XLXI_4_33" for instance <XLXI_4> in unit <regFile16b2>.
Analyzing module <FD16RE_MXILINX_regFile16b2.1> in library <work>.
Module <FD16RE_MXILINX_regFile16b2.1> is correct for synthesis.
 
    Set user-defined property "INIT =  0" for instance <I_Q0> in unit <FD16RE_MXILINX_regFile16b2.1>.
    Set user-defined property "INIT =  0" for instance <I_Q1> in unit <FD16RE_MXILINX_regFile16b2.1>.
    Set user-defined property "INIT =  0" for instance <I_Q2> in unit <FD16RE_MXILINX_regFile16b2.1>.
    Set user-defined property "INIT =  0" for instance <I_Q3> in unit <FD16RE_MXILINX_regFile16b2.1>.
    Set user-defined property "INIT =  0" for instance <I_Q4> in unit <FD16RE_MXILINX_regFile16b2.1>.
    Set user-defined property "INIT =  0" for instance <I_Q5> in unit <FD16RE_MXILINX_regFile16b2.1>.
    Set user-defined property "INIT =  0" for instance <I_Q6> in unit <FD16RE_MXILINX_regFile16b2.1>.
    Set user-defined property "INIT =  0" for instance <I_Q7> in unit <FD16RE_MXILINX_regFile16b2.1>.
    Set user-defined property "INIT =  0" for instance <I_Q8> in unit <FD16RE_MXILINX_regFile16b2.1>.
    Set user-defined property "INIT =  0" for instance <I_Q9> in unit <FD16RE_MXILINX_regFile16b2.1>.
    Set user-defined property "INIT =  0" for instance <I_Q10> in unit <FD16RE_MXILINX_regFile16b2.1>.
    Set user-defined property "INIT =  0" for instance <I_Q11> in unit <FD16RE_MXILINX_regFile16b2.1>.
    Set user-defined property "INIT =  0" for instance <I_Q12> in unit <FD16RE_MXILINX_regFile16b2.1>.
    Set user-defined property "INIT =  0" for instance <I_Q13> in unit <FD16RE_MXILINX_regFile16b2.1>.
    Set user-defined property "INIT =  0" for instance <I_Q14> in unit <FD16RE_MXILINX_regFile16b2.1>.
    Set user-defined property "INIT =  0" for instance <I_Q15> in unit <FD16RE_MXILINX_regFile16b2.1>.
Analyzing module <FD16RE_MXILINX_regFile16b2.2> in library <work>.
Module <FD16RE_MXILINX_regFile16b2.2> is correct for synthesis.
 
    Set user-defined property "INIT =  0" for instance <I_Q0> in unit <FD16RE_MXILINX_regFile16b2.2>.
    Set user-defined property "INIT =  0" for instance <I_Q1> in unit <FD16RE_MXILINX_regFile16b2.2>.
    Set user-defined property "INIT =  0" for instance <I_Q2> in unit <FD16RE_MXILINX_regFile16b2.2>.
    Set user-defined property "INIT =  0" for instance <I_Q3> in unit <FD16RE_MXILINX_regFile16b2.2>.
    Set user-defined property "INIT =  0" for instance <I_Q4> in unit <FD16RE_MXILINX_regFile16b2.2>.
    Set user-defined property "INIT =  0" for instance <I_Q5> in unit <FD16RE_MXILINX_regFile16b2.2>.
    Set user-defined property "INIT =  0" for instance <I_Q6> in unit <FD16RE_MXILINX_regFile16b2.2>.
    Set user-defined property "INIT =  0" for instance <I_Q7> in unit <FD16RE_MXILINX_regFile16b2.2>.
    Set user-defined property "INIT =  0" for instance <I_Q8> in unit <FD16RE_MXILINX_regFile16b2.2>.
    Set user-defined property "INIT =  0" for instance <I_Q9> in unit <FD16RE_MXILINX_regFile16b2.2>.
    Set user-defined property "INIT =  0" for instance <I_Q10> in unit <FD16RE_MXILINX_regFile16b2.2>.
    Set user-defined property "INIT =  0" for instance <I_Q11> in unit <FD16RE_MXILINX_regFile16b2.2>.
    Set user-defined property "INIT =  0" for instance <I_Q12> in unit <FD16RE_MXILINX_regFile16b2.2>.
    Set user-defined property "INIT =  0" for instance <I_Q13> in unit <FD16RE_MXILINX_regFile16b2.2>.
    Set user-defined property "INIT =  0" for instance <I_Q14> in unit <FD16RE_MXILINX_regFile16b2.2>.
    Set user-defined property "INIT =  0" for instance <I_Q15> in unit <FD16RE_MXILINX_regFile16b2.2>.
Analyzing module <decode1b2> in library <work>.
Module <decode1b2> is correct for synthesis.
 
Analyzing module <mux16b2_MUSER_regFile16b2> in library <work>.
Module <mux16b2_MUSER_regFile16b2> is correct for synthesis.
 
    Set user-defined property "HU_SET =  XLXI_10_22" for instance <XLXI_10> in unit <mux16b2_MUSER_regFile16b2>.
    Set user-defined property "HU_SET =  XLXI_11_23" for instance <XLXI_11> in unit <mux16b2_MUSER_regFile16b2>.
    Set user-defined property "HU_SET =  XLXI_12_24" for instance <XLXI_12> in unit <mux16b2_MUSER_regFile16b2>.
    Set user-defined property "HU_SET =  XLXI_13_25" for instance <XLXI_13> in unit <mux16b2_MUSER_regFile16b2>.
    Set user-defined property "HU_SET =  XLXI_14_26" for instance <XLXI_14> in unit <mux16b2_MUSER_regFile16b2>.
    Set user-defined property "HU_SET =  XLXI_15_27" for instance <XLXI_15> in unit <mux16b2_MUSER_regFile16b2>.
    Set user-defined property "HU_SET =  XLXI_16_28" for instance <XLXI_16> in unit <mux16b2_MUSER_regFile16b2>.
    Set user-defined property "HU_SET =  XLXI_17_29" for instance <XLXI_17> in unit <mux16b2_MUSER_regFile16b2>.
    Set user-defined property "HU_SET =  XLXI_18_30" for instance <XLXI_18> in unit <mux16b2_MUSER_regFile16b2>.
    Set user-defined property "HU_SET =  XLXI_19_31" for instance <XLXI_19> in unit <mux16b2_MUSER_regFile16b2>.
    Set user-defined property "HU_SET =  XLXI_4_16" for instance <XLXI_4> in unit <mux16b2_MUSER_regFile16b2>.
    Set user-defined property "HU_SET =  XLXI_5_17" for instance <XLXI_5> in unit <mux16b2_MUSER_regFile16b2>.
    Set user-defined property "HU_SET =  XLXI_6_18" for instance <XLXI_6> in unit <mux16b2_MUSER_regFile16b2>.
    Set user-defined property "HU_SET =  XLXI_7_19" for instance <XLXI_7> in unit <mux16b2_MUSER_regFile16b2>.
    Set user-defined property "HU_SET =  XLXI_8_20" for instance <XLXI_8> in unit <mux16b2_MUSER_regFile16b2>.
    Set user-defined property "HU_SET =  XLXI_9_21" for instance <XLXI_9> in unit <mux16b2_MUSER_regFile16b2>.
Analyzing module <M2_1E_MXILINX_regFile16b2.1> in library <work>.
Module <M2_1E_MXILINX_regFile16b2.1> is correct for synthesis.
 
Analyzing module <M2_1E_MXILINX_regFile16b2.2> in library <work>.
Module <M2_1E_MXILINX_regFile16b2.2> is correct for synthesis.
 
Analyzing module <M2_1E_MXILINX_regFile16b2.3> in library <work>.
Module <M2_1E_MXILINX_regFile16b2.3> is correct for synthesis.
 
Analyzing module <M2_1E_MXILINX_regFile16b2.4> in library <work>.
Module <M2_1E_MXILINX_regFile16b2.4> is correct for synthesis.
 
Analyzing module <M2_1E_MXILINX_regFile16b2.5> in library <work>.
Module <M2_1E_MXILINX_regFile16b2.5> is correct for synthesis.
 
Analyzing module <M2_1E_MXILINX_regFile16b2.6> in library <work>.
Module <M2_1E_MXILINX_regFile16b2.6> is correct for synthesis.
 
Analyzing module <M2_1E_MXILINX_regFile16b2.7> in library <work>.
Module <M2_1E_MXILINX_regFile16b2.7> is correct for synthesis.
 
Analyzing module <M2_1E_MXILINX_regFile16b2.8> in library <work>.
Module <M2_1E_MXILINX_regFile16b2.8> is correct for synthesis.
 
Analyzing module <M2_1E_MXILINX_regFile16b2.9> in library <work>.
Module <M2_1E_MXILINX_regFile16b2.9> is correct for synthesis.
 
Analyzing module <M2_1E_MXILINX_regFile16b2.10> in library <work>.
Module <M2_1E_MXILINX_regFile16b2.10> is correct for synthesis.
 
Analyzing module <M2_1E_MXILINX_regFile16b2.11> in library <work>.
Module <M2_1E_MXILINX_regFile16b2.11> is correct for synthesis.
 
Analyzing module <M2_1E_MXILINX_regFile16b2.12> in library <work>.
Module <M2_1E_MXILINX_regFile16b2.12> is correct for synthesis.
 
Analyzing module <M2_1E_MXILINX_regFile16b2.13> in library <work>.
Module <M2_1E_MXILINX_regFile16b2.13> is correct for synthesis.
 
Analyzing module <M2_1E_MXILINX_regFile16b2.14> in library <work>.
Module <M2_1E_MXILINX_regFile16b2.14> is correct for synthesis.
 
Analyzing module <M2_1E_MXILINX_regFile16b2.15> in library <work>.
Module <M2_1E_MXILINX_regFile16b2.15> is correct for synthesis.
 
Analyzing module <M2_1E_MXILINX_regFile16b2.16> in library <work>.
Module <M2_1E_MXILINX_regFile16b2.16> is correct for synthesis.
 

=========================================================================
*                           HDL Synthesis                               *
=========================================================================

Performing bidirectional port resolution...

Synthesizing Unit <FD16RE_MXILINX_regFile16b2_1>.
    Related source file is "regFile16b2.vf".
Unit <FD16RE_MXILINX_regFile16b2_1> synthesized.


Synthesizing Unit <FD16RE_MXILINX_regFile16b2_2>.
    Related source file is "regFile16b2.vf".
Unit <FD16RE_MXILINX_regFile16b2_2> synthesized.


Synthesizing Unit <decode1b2>.
    Related source file is "decode1b2.vf".
Unit <decode1b2> synthesized.


Synthesizing Unit <M2_1E_MXILINX_regFile16b2_1>.
    Related source file is "regFile16b2.vf".
Unit <M2_1E_MXILINX_regFile16b2_1> synthesized.


Synthesizing Unit <M2_1E_MXILINX_regFile16b2_2>.
    Related source file is "regFile16b2.vf".
Unit <M2_1E_MXILINX_regFile16b2_2> synthesized.


Synthesizing Unit <M2_1E_MXILINX_regFile16b2_3>.
    Related source file is "regFile16b2.vf".
Unit <M2_1E_MXILINX_regFile16b2_3> synthesized.


Synthesizing Unit <M2_1E_MXILINX_regFile16b2_4>.
    Related source file is "regFile16b2.vf".
Unit <M2_1E_MXILINX_regFile16b2_4> synthesized.


Synthesizing Unit <M2_1E_MXILINX_regFile16b2_5>.
    Related source file is "regFile16b2.vf".
Unit <M2_1E_MXILINX_regFile16b2_5> synthesized.


Synthesizing Unit <M2_1E_MXILINX_regFile16b2_6>.
    Related source file is "regFile16b2.vf".
Unit <M2_1E_MXILINX_regFile16b2_6> synthesized.


Synthesizing Unit <M2_1E_MXILINX_regFile16b2_7>.
    Related source file is "regFile16b2.vf".
Unit <M2_1E_MXILINX_regFile16b2_7> synthesized.


Synthesizing Unit <M2_1E_MXILINX_regFile16b2_8>.
    Related source file is "regFile16b2.vf".
Unit <M2_1E_MXILINX_regFile16b2_8> synthesized.


Synthesizing Unit <M2_1E_MXILINX_regFile16b2_9>.
    Related source file is "regFile16b2.vf".
Unit <M2_1E_MXILINX_regFile16b2_9> synthesized.


Synthesizing Unit <M2_1E_MXILINX_regFile16b2_10>.
    Related source file is "regFile16b2.vf".
Unit <M2_1E_MXILINX_regFile16b2_10> synthesized.


Synthesizing Unit <M2_1E_MXILINX_regFile16b2_11>.
    Related source file is "regFile16b2.vf".
Unit <M2_1E_MXILINX_regFile16b2_11> synthesized.


Synthesizing Unit <M2_1E_MXILINX_regFile16b2_12>.
    Related source file is "regFile16b2.vf".
Unit <M2_1E_MXILINX_regFile16b2_12> synthesized.


Synthesizing Unit <M2_1E_MXILINX_regFile16b2_13>.
    Related source file is "regFile16b2.vf".
Unit <M2_1E_MXILINX_regFile16b2_13> synthesized.


Synthesizing Unit <M2_1E_MXILINX_regFile16b2_14>.
    Related source file is "regFile16b2.vf".
Unit <M2_1E_MXILINX_regFile16b2_14> synthesized.


Synthesizing Unit <M2_1E_MXILINX_regFile16b2_15>.
    Related source file is "regFile16b2.vf".
Unit <M2_1E_MXILINX_regFile16b2_15> synthesized.


Synthesizing Unit <M2_1E_MXILINX_regFile16b2_16>.
    Related source file is "regFile16b2.vf".
Unit <M2_1E_MXILINX_regFile16b2_16> synthesized.


Synthesizing Unit <mux16b2_MUSER_regFile16b2>.
    Related source file is "regFile16b2.vf".
Unit <mux16b2_MUSER_regFile16b2> synthesized.


Synthesizing Unit <regFile16b2>.
    Related source file is "regFile16b2.vf".
Unit <regFile16b2> synthesized.


=========================================================================
HDL Synthesis Report

Found no macro
=========================================================================

=========================================================================
*                       Advanced HDL Synthesis                          *
=========================================================================


=========================================================================
Advanced HDL Synthesis Report

Macro Statistics
# Registers                                            : 32
 Flip-Flops                                            : 32

=========================================================================

=========================================================================
*                         Low Level Synthesis                           *
=========================================================================

Optimizing unit <regFile16b2> ...

Optimizing unit <FD16RE_MXILINX_regFile16b2_1> ...

Optimizing unit <FD16RE_MXILINX_regFile16b2_2> ...

Optimizing unit <M2_1E_MXILINX_regFile16b2_1> ...

Optimizing unit <M2_1E_MXILINX_regFile16b2_2> ...

Optimizing unit <M2_1E_MXILINX_regFile16b2_3> ...

Optimizing unit <M2_1E_MXILINX_regFile16b2_4> ...

Optimizing unit <M2_1E_MXILINX_regFile16b2_5> ...

Optimizing unit <M2_1E_MXILINX_regFile16b2_6> ...

Optimizing unit <M2_1E_MXILINX_regFile16b2_7> ...

Optimizing unit <M2_1E_MXILINX_regFile16b2_8> ...

Optimizing unit <M2_1E_MXILINX_regFile16b2_9> ...

Optimizing unit <M2_1E_MXILINX_regFile16b2_10> ...

Optimizing unit <M2_1E_MXILINX_regFile16b2_11> ...

Optimizing unit <M2_1E_MXILINX_regFile16b2_12> ...

Optimizing unit <M2_1E_MXILINX_regFile16b2_13> ...

Optimizing unit <M2_1E_MXILINX_regFile16b2_14> ...

Optimizing unit <M2_1E_MXILINX_regFile16b2_15> ...

Optimizing unit <M2_1E_MXILINX_regFile16b2_16> ...

Optimizing unit <mux16b2_MUSER_regFile16b2> ...

Mapping all equations...
Building and optimizing final netlist ...
Found area constraint ratio of 100 (+ 5) on block regFile16b2, actual ratio is 0.

Final Macro Processing ...

=========================================================================
Final Register Report

Macro Statistics
# Registers                                            : 32
 Flip-Flops                                            : 32

=========================================================================

=========================================================================
*                           Partition Report                            *
=========================================================================

Partition Implementation Status
-------------------------------

  No Partitions were found in this design.

-------------------------------

=========================================================================
*                            Final Report                               *
=========================================================================
Final Results
RTL Top Level Output File Name     : regFile16b2.ngr
Top Level Output File Name         : regFile16b2
Output Format                      : NGC
Optimization Goal                  : Speed
Keep Hierarchy                     : No

Design Statistics
# IOs                              : 35

Cell Usage :
# BELS                             : 54
#      AND2                        : 2
#      AND3                        : 16
#      AND3B1                      : 16
#      AND4                        : 1
#      GND                         : 1
#      INV                         : 1
#      OR2                         : 16
#      VCC                         : 1
# FlipFlops/Latches                : 32
#      FDRE                        : 32
# Clock Buffers                    : 1
#      BUFGP                       : 1
# IO Buffers                       : 34
#      IBUF                        : 18
#      OBUF                        : 16
=========================================================================

Device utilization summary:
---------------------------

Selected Device : 3s500efg320-4 

 Number of Slices:                       16  out of   4656     0%  
 Number of Slice Flip Flops:             32  out of   9312     0%  
 Number of 4 input LUTs:                  1  out of   9312     0%  
 Number of IOs:                          35
 Number of bonded IOBs:                  35  out of    232    15%  
 Number of GCLKs:                         1  out of     24     4%  

---------------------------
Partition Resource Summary:
---------------------------

  No Partitions were found in this design.

---------------------------


=========================================================================
TIMING REPORT

NOTE: THESE TIMING NUMBERS ARE ONLY A SYNTHESIS ESTIMATE.
      FOR ACCURATE TIMING INFORMATION PLEASE REFER TO THE TRACE REPORT
      GENERATED AFTER PLACE-and-ROUTE.

Clock Information:
------------------
-----------------------------------+------------------------+-------+
Clock Signal                       | Clock buffer(FF name)  | Load  |
-----------------------------------+------------------------+-------+
CLK                                | BUFGP                  | 32    |
-----------------------------------+------------------------+-------+

Asynchronous Control Signals Information:
----------------------------------------
No asynchronous control signals found in this design

Timing Summary:
---------------
Speed Grade: -4

   Minimum period: No path found
   Minimum input arrival time before clock: 5.898ns
   Maximum output required time after clock: 6.531ns
   Maximum combinational path delay: 8.001ns

Timing Detail:
--------------
All values displayed in nanoseconds (ns)

=========================================================================
Timing constraint: Default OFFSET IN BEFORE for Clock 'CLK'
  Total number of paths / destination ports: 96 / 64
-------------------------------------------------------------------------
Offset:              5.898ns (Levels of Logic = 4)
  Source:            Reg (PAD)
  Destination:       XLXI_4/I_Q0 (FF)
  Destination Clock: CLK rising

  Data Path: Reg to XLXI_4/I_Q0
                                Gate     Net
    Cell:in->out      fanout   Delay   Delay  Logical Name (Net Name)
    ----------------------------------------  ------------
     IBUF:I->O            34   1.218   1.263  Reg_IBUF (Reg_IBUF)
     INV:I->O              1   0.704   0.420  XLXI_5/XLXI_1 (XLXI_5/nA0)
     AND2:I1->O           16   0.704   1.034  XLXI_5/XLXI_16 (XLXN_10)
     begin scope: 'XLXI_4'
     FDRE:CE                   0.555          I_Q0
    ----------------------------------------
    Total                      5.898ns (3.181ns logic, 2.717ns route)
                                       (53.9% logic, 46.1% route)

=========================================================================
Timing constraint: Default OFFSET OUT AFTER for Clock 'CLK'
  Total number of paths / destination ports: 32 / 16
-------------------------------------------------------------------------
Offset:              6.531ns (Levels of Logic = 5)
  Source:            XLXI_4/I_Q0 (FF)
  Destination:       DataOut<0> (PAD)
  Source Clock:      CLK rising

  Data Path: XLXI_4/I_Q0 to DataOut<0>
                                Gate     Net
    Cell:in->out      fanout   Delay   Delay  Logical Name (Net Name)
    ----------------------------------------  ------------
     FDRE:C->Q             1   0.591   0.420  I_Q0 (Q<0>)
     end scope: 'XLXI_4'
     begin scope: 'XLXI_6/XLXI_4'
     AND3:I0->O            1   0.704   0.420  I_36_30 (M1)
     OR2:I0->O             1   0.704   0.420  I_36_38 (O)
     end scope: 'XLXI_6/XLXI_4'
     OBUF:I->O                 3.272          DataOut_0_OBUF (DataOut<0>)
    ----------------------------------------
    Total                      6.531ns (5.271ns logic, 1.260ns route)
                                       (80.7% logic, 19.3% route)

=========================================================================
Timing constraint: Default path analysis
  Total number of paths / destination ports: 32 / 16
-------------------------------------------------------------------------
Delay:               8.001ns (Levels of Logic = 5)
  Source:            Reg (PAD)
  Destination:       DataOut<0> (PAD)

  Data Path: Reg to DataOut<0>
                                Gate     Net
    Cell:in->out      fanout   Delay   Delay  Logical Name (Net Name)
    ----------------------------------------  ------------
     IBUF:I->O            34   1.218   1.263  Reg_IBUF (Reg_IBUF)
     begin scope: 'XLXI_6/XLXI_4'
     AND3:I2->O            1   0.704   0.420  I_36_30 (M1)
     OR2:I0->O             1   0.704   0.420  I_36_38 (O)
     end scope: 'XLXI_6/XLXI_4'
     OBUF:I->O                 3.272          DataOut_0_OBUF (DataOut<0>)
    ----------------------------------------
    Total                      8.001ns (5.898ns logic, 2.103ns route)
                                       (73.7% logic, 26.3% route)

=========================================================================


Total REAL time to Xst completion: 4.00 secs
Total CPU time to Xst completion: 4.48 secs
 
--> 

Total memory usage is 257120 kilobytes

Number of errors   :    0 (   0 filtered)
Number of warnings :    0 (   0 filtered)
Number of infos    :    0 (   0 filtered)

